A Call into the Void
A Firm Foothold
A Forest of False Idols
A Gracious Master
A Master Seeks Help
A Mother's Parting Gift
A Prodigious Hand
A Regal Death
A Valuable Combination
A Whispered Prayer
Abandoned Wealth
Abberath's Horn Goat's Horn
Abnormal Effulgence
Abyssal Cry
Abyssus Ezomyte Burgonet
Acton's Nightmare Overgrown Shrine Map
Added Chaos Damage
Added Cold Damage
Added Fire Damage
Added Lightning Damage
Additional Accuracy
Advancing Fortress Gut Ripper
Aegis Aurora Champion Kite Shield
Against the Tide
Agnerod East Imperial Staff
Agnerod North Imperial Staff
Agnerod South Imperial Staff
Agnerod West Imperial Staff
Al Dhih Timeworn Claw
Alberon's Warpath Soldier Boots
Allure Vaal Claw
Alpha's Howl Sinner Tricorne
Ambu's Charge Crusader Chainmail
Amplification Rod Spiraled Wand
An Unseen Peril
Anarchy's End I
Anarchy's End II
Anarchy's End III
Anarchy's End IV
Anarchy's Price
Anatomical Knowledge Cobalt Jewel
Ancestral Protector
Ancestral Warchief
Ancient Doom
Ancient Rivalries I
Ancient Rivalries II
Ancient Rivalries III
Ancient Rivalries IV
Ancient Waystones Crimson Jewel
Andvarius Gold Ring
Anger
Animate Guardian
Animate Weapon
Apep's Rage Opal Wand
Apparitions Viridian Jewel
Araku Tiki Coral Amulet
Arc
Arctic Armour
Arctic Breath
Army of Bones Cobalt Jewel
Ascent From Flesh Chain Belt
Asenath's Gentle Touch Silk Gloves
Asenath's Mark Iron Circlet
Ashcaller Quartz Wand
Ashrend Buckskin Tunic
Asphyxia's Wrath Two-Point Arrow Quiver
Assassin's Favour
Assassin's Haste Cobalt Jewel
Assassin's Mark
Astramentis Onyx Amulet
Atziri's Acuity Vaal Gauntlets
Atziri's Disfavour Vaal Axe
Atziri's Foible Paua Amulet
Atziri's Mirror Golden Buckler
Atziri's Promise Amethyst Flask
Atziri's Reign Crimson Jewel
Atziri's Splendour Sacrificial Garb
Atziri's Step Slink Boots
Audacity
Aurseize Steelscale Gauntlets
Aurumvorax Basket Rapier
Auxium Chain Belt
Axiom Perpetuum Bronze Sceptre
Ball Lightning
Baptism by Death
Barrage
Bated Breath Chain Belt
Bear Trap
Belly of the Beast Full Wyrmscale
Belt of the Deceiver Heavy Belt
Berek's Grip Two-Stone Ring
Berek's Pass Two-Stone Ring
Berek's Respite Two-Stone Ring
Beyond Sight I
Beyond Sight II
Beyond Sight III
Beyond Sight IV
Beyond Sight V
Bino's Kitchen Knife Slaughter Knife
Birth of the Three
Bitterdream Shadow Sceptre
Black Sun Crest Lacquered Helmet
Blackgleam Fire Arrow Quiver
Blackheart Iron Ring
Blade Vortex
Bladefall
Blasphemy
Blast Rain
Blightwell Clutching Talisman
Blind
Blind Venture
Blink Arrow
Block Chance Reduction
Blood Magic
Blood Rage
Blood Sacrifice Crimson Jewel
Blood in the Eyes
Blood of Corruption Amber Amulet
Blood of the Betrayed
Blood of the Karui Sanctified Life Flask
Bloodboil Coral Ring
Bloodgrip Coral Amulet
Bloodlust
Bloodplay Stiletto
Bloodseeker Hellion's Paw
Bone Offering
Bones of Ullr Silk Slippers
Boundless Realms
Bountiful Traps
Bowyer's Dream
Bramblejack Plate Vest
Brawn Crimson Jewel
Breath of the Council Carnal Sceptre
Brightbeak War Hammer
Brinerot Flag Tarnished Spirit Shield
Brinerot Mark Unset Ring
Brinerot Whalers Trapper Boots
Briskwrap Strapped Leather
Brittle Barrier Cobalt Jewel
Broadstroke Heavy Quiver
Broken Faith Archon Kite Shield
Bronn's Lithe Cutthroat's Garb
Brothers in Arms
Brute Force Solution Cobalt Jewel
Brutus' Lead Sprinkler Ritual Sceptre
Burning Arrow
"Caer Blaidd
 Wolfpack's Den Underground Sea Map"
Call of the Brotherhood Two-Stone Ring
Callinellus Malleus Auric Mace
Cameria's Maul Gavel
Cannibalistic Habits Viridian Jewel
Carcass Jack Varnished Coat
Careful Planning Viridian Jewel
Carnage Heart Onyx Amulet
Cartographer's Delight
Cast On Critical Strike
Cast on Death
Cast on Melee Kill
Cast when Damage Taken
Cast when Stunned
Caustic Arrow
Chain
Chalice of Horrors War Buckler
Chance to Flee
Chance to Ignite
Chaotic Disposition
Cheap Construction Viridian Jewel
Chernobog's Pillar Ebony Tower Shield
Cherrubim's Maleficence Triumphant Lamellar
Chill of Corruption Viridian Jewel
Chin Sol Assassin Bow
Chitus' Apex Necromancer Circlet
Chitus' Needle Elegant Foil
Chober Chaber Great Mallet
Clarity
Clayshaper Rock Breaker
Cleanser of Sins
Clear Mind Cobalt Jewel
Cleave
Cloak of Defiance Lacquered Garb
Cloak of Flame Scholar's Robe
Cloak of Tawm'r Isley Savant's Robe
Cluster Traps
Coated Shrapnel Crimson Jewel
Coated Weapons Viridian Jewel
Cold Penetration
Cold Snap
Cold Steel Viridian Jewel
Cold to Fire
Combustibles Crimson Jewel
Concentrated Effect
Conductivity
Conqueror's Efficiency Crimson Jewel
Conqueror's Longevity Viridian Jewel
Conqueror's Potency Cobalt Jewel
Contagion
Controlled Destruction
Controlled Energy Cobalt Jewel
Conversion Trap
Convocation
Corrupted Energy Cobalt Jewel
Coruscating Elixir Ruby Flask
Cospri's Will Assassin's Garb
Coveted Possession
Cragfall Serrated Arrow Quiver
Craghead Serrated Arrow Quiver
Crash Test
Crest of Perandus Pine Buckler
Crown of Eyes Hubris Circlet
Crown of Thorns Vine Circlet
Crown of the Pale King Regicide Mask
Crushing Squall
Culling Strike
Curse On Hit
Custodians of Silence
Cybil's Paw Thresher Claw
Cyclone
Dancing Dervish Reaver Sword
Daresso's Courage Baroque Round Shield
Daresso's Defiance Full Dragonscale
Daresso's Passion Estoc
Daresso's Salute Citrine Amulet
Dark Thoughts Cobalt Jewel
Darkray Vectors Dragonscale Boots
Darkscorn Assassin Bow
Day of Sacrifice I
Day of Sacrifice II
Day of Sacrifice III
Day of Sacrifice IV
Dead Reckoning Cobalt Jewel
Deadly Rivalry I
Deadly Rivalry II
Deadly Rivalry III
Deadly Rivalry IV
Deadly Rivalry V
Deadly Twins
Death
Death Rush Amethyst Ring
Death and Taxes Necropolis Map
Death's Door Crusader Boots
Death's Hand Karui Sceptre
Death's Harp Death Bow
Death's Oath Astral Plate
Death's Opus Death Bow
Decoy Totem
Deerstalker Deerskin Boots
Defiled in the Scepter
Deidbell Gilded Sallet
Deidbellow Gilded Sallet
Delay Test
Delay and Crash Test
Demigod's Beacon Golden Flame
Demigod's Bounty Golden Obi
Demigod's Dominance Golden Mantle
Demigod's Eye Golden Hoop
Demigod's Presence Gold Amulet
Demigod's Stride Golden Caligae
Demigod's Touch Golden Bracers
Demigod's Triumph Golden Wreath
Desecrate
Destined to Crumble
Determination
Detonate Dead
Detonate Mines
Devoto's Devotion Nightmare Bascinet
Devouring Totem
Discharge
Discipline
Divinarius Imperial Skean
Divination Distillate Large Hybrid Flask
Doedre's Damning Paua Ring
Doedre's Elixir Greater Mana Flask
Doedre's Madness
Doedre's Scorn Lunaris Circlet
Doedre's Tenure Velvet Gloves
Dominating Blow
Doomfletch Royal Bow
Doomfletch's Prism Royal Bow
Doomsower Lion Sword
Doon Cuebiyari Vaal Sceptre
Doryani's Catalyst Vaal Sceptre
Doryani's Fist Vaal Gauntlets
Doryani's Invitation Heavy Belt
Double Strike
Dreadarc Cleaver
Dream Fragments Sapphire Ring
Dreamfeather Eternal Sword
Drillneck Penetrating Arrow Quiver
Dual Strike
Dusktoe Ironscale Boots
Dyadian Dawn Heavy Belt
Dyadus Infernal Axe
Dying Anguish
Dying Breath Coiled Staff
Dying Cry
Earth Drinker
Earthquake
Eber's Key
Echoes of Lost Love
Echoes of Mutation
Echoes of Witchcraft
Eclipse Solaris Crystal Wand
Edge of Madness Etched Greatsword
Efficient Training Crimson Jewel
Eldritch Knowledge Cobalt Jewel
Elemental Focus
Elemental Hit
Elemental Proliferation
Elemental Weakness
Emberwake Ruby Ring
Emperor of Purity
Emperor's Cunning Viridian Jewel
Emperor's Luck
Emperor's Mastery Prismatic Jewel
Emperor's Might Crimson Jewel
Emperor's Wit Cobalt Jewel
Empire's Grasp Goliath Gauntlets
Empower
Ending the Torment
Endurance Charge on Melee Stun
Enduring Cry
Energised Armour Crimson Jewel
Energy From Within Cobalt Jewel
Enfeeble
Enhance
Enlighten
Enter the Maelstr\u00f6m
Ephemeral Edge Dusk Blade
Erased from Memory
Erasmus' Gift
Essence Drain
Essence Worm Unset Ring
Essentia Sanguis Eye Gouger
Ethereal Knives
Explosive Arrow
Extractor Mentis Agate Amulet
Eye of Chayula Onyx Amulet
Eyes of the Greatwolf Greatwolf Talisman
Ezomyte Hold Iron Hat
Ezomyte Peak Iron Hat
Facebreaker Strapped Mitts
Fairgraves' Tricorne Tricorne
Fallow At Last
Faminebind Rustic Sash
Faster Attacks
Faster Casting
Faster Projectiles
Fated Connections
Fear's Wide Reach
Feastbind Rustic Sash
Femurs of the Saints Primordial Staff
Fencoil Gnarled Branch
Fertile Mind Cobalt Jewel
Fevered Mind Cobalt Jewel
Fidelitas' Spike Jagged Foil
Fire Nova Mine
Fire Penetration
Fire Trap
Fire and Brimstone
Fire and Ice
Fire from the Sky
Fire, Wood and Stone
Fireball
Fireborn Crimson Jewel
Firestorm
Flame Dash
Flame Surge
Flame Totem
Flameblast
Flammability
Flesh Offering
Flesh and Spirit Ironscale Gauntlets
Flesh of the Beast
Flesh-Eater Dream Mace
Flicker Strike
Fluid Motion Viridian Jewel
Forbidden Taste Quartz Flask
Forceful Exorcism
Fork
Fortified Legion Cobalt Jewel
Fortify
Foxshade Wild Leather
Fragile Bloom Crimson Jewel
Fragility Crimson Jewel
Freeze Mine
Freezing Pulse
Frenzy
From Death Springs Life
From The Void
Frost Blades
Frost Bomb
Frost Wall
Frostbite
Frostbolt
Frostbreath Ornate Mace
Gang's Momentum Legion Boots
Gemcutter's Promise
Generosity
Geofri's Baptism Brass Maul
Geofri's Crest Great Crown
Geofri's Sanctuary Elegant Ringmail
Gift of the Gemling Queen
Gifts from Above Diamond Ring
Gilded Within
Glacial Cascade
Glacial Hammer
Glimmer of Hope
Glitterdisc Burnished Spiked Shield
Golden Touch
Goldrim Leather Cap
Goldwyrm Nubuck Boots
Gorebreaker Spiked Club
Goredrill Skinning Knife
Grace
Graceful Flames
Grand Spectrum Cobalt Jewel
Grand Spectrum Crimson Jewel
Grand Spectrum Viridian Jewel
Grave Knowledge
Great Old One's Ward Corrugated Buckler
Greater Multiple Projectiles
Greed's Embrace Golden Plate
Grip of the Council Arcanist Gloves
Ground Slam
Growing Agony Viridian Jewel
Hair Trigger Viridian Jewel
Hall of Grandmasters Promenade Map
Haste
Hatred
Headhunter Leather Belt
Healthy Mind Cobalt Jewel
Heart of the Fire
Heartbound Loop Moonstone Ring
Heartbreaker Royal Skean
Heatshiver Leather Hood
Heavy Blows
Heavy Strike
Hegemony's Era Judgement Staff
Her Mask
Herald of Ash
Herald of Ice
Herald of Thunder
Heretic's Veil Deicide Mask
Heterochromia
Hezmana's Bloodlust Vaal Axe
Hidden Potential Viridian Jewel
Hidden Reinforcements
Hidden Vaal Pathways
Hiltless Reaver Sword
Hinekora's Sight Onyx Amulet
Holding the Bridge
Honourhome Soldier Helmet
Hope
Hotfooted Viridian Jewel
House of Mirrors
Hrimburn Goathide Gloves
Hrimnor's Dirge Sledgehammer
Hrimnor's Hymn Sledgehammer
Hrimnor's Resolve Samite Helmet
Hrimsorrow Goathide Gloves
Hubris
Humility
Hungry Abyss Viridian Jewel
Hunter's Lesson
Hunter's Resolve
Hunter's Reward
Hyaon's Fury Legion Sword
Hypothermia
Hyrri's Bite Sharktooth Arrow Quiver
Hyrri's Ire Zodiac Leather
Ice Bite
Ice Crash
Ice Nova
Ice Shot
Ice Spear
Ice Trap
Ice from Above
Icetomb Latticed Ringmail
Ichimonji Corsair Sword
Immortal Call
Immortal Flesh Leather Belt
In the Grasp of Corruption
Incandescent Heart Saintly Chainmail
Incinerate
Increased Area of Effect
Increased Burning Damage
Increased Critical Damage
Increased Critical Strikes
Increased Duration
Inertia Crimson Jewel
Infernal Blow
Infernal Mantle Widowsilk Robe
Infractem Decimation Bow
Innervate
Innsbury Edge Elder Sword
Inspired Learning Crimson Jewel
Intuitive Leap Viridian Jewel
Inya's Key
Iron Commander Death Bow
Iron Grip
Iron Will
Item Quantity
Item Rarity
Izaro's Dilemma Imperial Claw
Izaro's Turmoil Crimson Jewel
Jack in the Box
"Jack
 the Axe Vaal Hatchet"
Jaws of Agony Supreme Spiked Shield
Jorrhast's Blacksteel Steelhead
Kalandra's Craft
Kaltenhalt Painted Buckler
Kaltensoul Painted Buckler
Kaom's Heart Glorious Plate
Kaom's Primacy Karui Chopper
Kaom's Roots Titan Greaves
Kaom's Sign Coral Ring
Kaom's Way Coral Ring
Karui Charge Jade Amulet
Karui Ward Jade Amulet
Kiara's Determination Silver Flask
Kikazaru Topaz Ring
Kinetic Blast
Kingmaker Despot Axe
Kingsguard Conquest Chainmail
Kintsugi Exquisite Leather
Knockback
Kongming's Stratagem Ivory Spirit Shield
Kongor's Undying Rage Terror Maul
Lacerate
Lakishu's Blade Elegant Sword
Lantador's Lost Love
Last Hope
Last Resort Nailed Fist
Lasting Impressions
Lavianga's Spirit Sanctified Mana Flask
Lavianga's Wisdom War Hammer
Le Heup of All Iron Ring
Leap Slam
Leer Cast Festival Mask
Less Duration
Lesser Multiple Projectiles
Life Gain on Hit
Life Leech
Lifesprig Driftwood Wand
Lightbane Raiment Ornate Ringmail
Lightning Arrow
Lightning Coil Desert Brigandine
Lightning Falls
Lightning Penetration
Lightning Strike
Lightning Tendrils
Lightning Trap
Lightning Warp
Limbsplit Woodsplitter
Lion's Roar Granite Flask
Lioneye's Fall Viridian Jewel
Lioneye's Glare Imperial Bow
Lioneye's Paws Bronzescale Boots
Lioneye's Remorse Pinnacle Tower Shield
Lioneye's Vision Crusader Plate
Living Fires
Lochtonial Caress Iron Gauntlets
Lori's Lantern Prismatic Ring
Lost Worlds
Lost in the Pages
Loyalty
Lucky Connections
Lysah's Respite
Maelstr\u00f6m of Chaos Mountain Ledge Map
Magma Orb
Malachai's Artifice Unset Ring
Malachai's Loop Harmonic Spirit Shield
Malachai's Simula Iron Mask
Malicious Intent Cobalt Jewel
Maligaro's Lens Compound Spiked Shield
Maligaro's Restraint Chain Belt
Maligaro's Virtuosity Deerskin Gloves
Maloney's Nightfall Blunt Arrow Quiver
Mana Leech
Mantra of Flames Crimson Jewel
Mantra of Force Crimson Jewel
Mao Kun Reef Map
Mark of the Doubting Knight Platinum Kris
Marohi Erqi Karui Maul
Martial Artistry Crimson Jewel
Martyr's Crown Vine Circlet
Marylene's Fallacy Lapis Amulet
Matua Tupuna Tarnished Spirit Shield
Meginord's Girdle Heavy Belt
Meginord's Vise Steel Gauntlets
Melee Damage on Full Life
Melee Physical Damage
Melee Splash
Merciless Armament
Midnight Bargain Engraved Wand
Might in All Forms Crimson Jewel
Mightflay Flaying Knife
Mind of the Council Harlequin Mask
Mindspiral Aventail Helmet
Minefield
Ming's Heart Amethyst Ring
Minion Damage
Minion Life
Minion Speed
Minion and Totem Elemental Resistance
Mirror Arrow
Miser of Misery Viridian Jewel
Mj\u00f6lner Gavel
Mokou's Embrace Ruby Ring
Molten Shell
Molten Strike
Mon'tregul's Grasp Void Sceptre
Monstrous Treasure
Moonbender's Wing Tomahawk
Moonsorrow Imbued Wand
Mortal Grief
Mortal Hope
Mortal Ignorance
Mortal Rage
Mortem Morsu Fright Claw
Mouth of Horrors
Multiple Traps
Multistrike
Mutated Growth Crimson Jewel
Mutewind Pennant Enameled Buckler
Mutewind Seal Unset Ring
Mutewind Whispersteps Serpentscale Boots
Mysterious Invaders
Natural Hierarchy Rotfeather Talisman
Nature's Resilience
Nemesis of Greed
Ngamahu Tiki Coral Amulet
Ngamahu's Sign Ruby Ring
Night's Hold Black Maw Talisman
Nomic's Storm Strapped Boots
Notched Flesh
Null and Void Legion Gloves
Null's Inclination Ranger Bow
Nuro's Harp Harbinger Bow
Nycta's Lantern Crystal Sceptre
Oba's Cursed Trove Torture Chamber Map
Obliteration Demon's Horn
Offering to the Goddess
Olmec's Sanctum Catacomb Map
Ondar's Clasp Wrapped Mitts
Orb of Storms
Ornament of the East Gut Ripper
Oro's Sacrifice Infernal Sword
Overflowing Riches
Pacifism Viridian Jewel
Path of Betrayal
Perandus Blazon Cloth Belt
Perandus Signet Paua Ring
Phase Run
Physical Projectile Attack Damage
Physical to Lightning
Pierce
Pillar of the Caged God Long Staff
Piscator's Vigil Tornado Wand
Pitch Darkness Viridian Jewel
Plague of Frogs
Plague of Rats
Pleasure and Pain
Pledge of Hands Judgement Staff
Poacher's Aim Viridian Jewel
Poacher's Mark
Point Blank
Poison
Pools of Wealth
Poorjoy's Asylum Temple Map
Portal
Possessed Foe
Power Charge On Critical
Power Magnified
Power Siphon
Powerlessness Cobalt Jewel
Pride Before the Fall
Prism Guardian Archon Kite Shield
Prismatic Eclipse Twilight Blade
Prismweave Rustic Sash
Projected Force Viridian Jewel
Projectile Weakness
Prosperity
Pugilist Viridian Jewel
Puncture
Punishment
Purity of Elements
Purity of Fire
Purity of Ice
Purity of Lightning
Pyre Sapphire Ring
Quecholli Jagged Maul
Queen of the Forest Destiny Leather
Queen's Decree Ornate Sword
Queen's Escape Ornate Sword
Quill Rain Short Bow
Rain of Arrows
Rain of Chaos
Rain of Splinters Crimson Jewel
Rainbowstride Conjurer Boots
Raise Spectre
Raise Zombie
Rallying Cry
Ranged Attack Totem
Rapid Decay
Rapid Expansion Crimson Jewel
Rashkaldor's Patience Jade Amulet
Rat's Nest Ursine Pelt
Rathpith Globe Titanium Spirit Shield
Rats
Reach of the Council Spine Bow
Realm Ender Iron Staff
Realmshaper Iron Staff
Reaper's Pursuit Shadow Axe
Rearguard Broadhead Arrow Quiver
Reave
Rebirth
Rebuke of the Vaal Vaal Blade
Reckless Defence Cobalt Jewel
Reckoning
Redbeak Rusted Sword
Redblade Band Unset Ring
Redblade Banner Painted Tower Shield
Redblade Tramplers Ancient Greaves
Reduced Mana
Reefbane Fishing Rod
Reforged Bonds
Rejuvenation Totem
Relentless Fury Decorative Axe
Remote Mine
Repentance Crusader Gloves
Resistant to Change
Reverberation Rod Spiraled Wand
Righteous Fire
Rigwald's Charge Highland Blade
Rigwald's Command Midnight Blade
Rigwald's Crest Two-Stone Ring
Rigwald's Curse Wereclaw Talisman
Rigwald's Quills Two-Point Arrow Quiver
Rigwald's Savagery Royal Axe
Rime Gaze Mind Cage
Riposte
Rise of the Phoenix Mosaic Kite Shield
Risen Blood
Rive Terror Claw
Rolling Flames Cobalt Jewel
Romira's Banquet Diamond Ring
Rotgut Quicksilver Flask
Roth's Legacy
Roth's Reach Recurve Bow
Rumi's Concoction Granite Flask
SHOULD NOT APPEAR
Sacrifice at Dawn
Sacrifice at Dusk
Sacrifice at Midnight
Sacrifice at Noon
Sacrificial Harvest Viridian Jewel
Sadima's Touch Wool Gloves
Saemus' Gift Spike-Point Arrow Quiver
Saffell's Frame Branded Kite Shield
Sanctum of Stone
Scaeva Gladius
Scholar of the Seas
Scold's Bridle Mind Cage
Searing Bond
Self-Flagellation Viridian Jewel
Selfless Leadership Cobalt Jewel
Sentari's Answer Brass Spirit Shield
Seven-League Step Rawhide Boots
Severed Limbs
Shackles of the Wretched Chain Gloves
Shadows and Dust Clasped Mitts
Shaper's Seed Agate Amulet
Shard of Fate
Shattered Chains Crimson Jewel
Shavronne's Gambit Scholar Boots
Shavronne's Pace Scholar Boots
Shavronne's Revelation Moonstone Ring
Shavronne's Wrappings Occultist's Vestment
Shield Charge
Shiversting Bastard Sword
Shock Nova
Shockwave Totem
Shrapnel Shot
Sibyl's Lament Coral Ring
Sidhebreath Paua Amulet
Siege Ballista
Silverbough Crude Bow
Silverbranch Crude Bow
Sin Trek Stealth Boots
Singularity Platinum Sceptre
Sire of Shards Serpentine Staff
Skirmish Two-Point Arrow Quiver
Skullhead Secutor Helm
Skyforth Sorcerer Boots
Slitherpinch Bronzescale Gauntlets
Slower Projectiles
Smoke Mine
Smothering Tendrils
Snakebite Assassin's Mitts
Soil, Worms and Blood
Solaris Lorica Copper Plate
Song of the Sirens Fishing Rod
Soul Mantle Spidersilk Robe
Soul Strike Spike-Point Arrow Quiver
Soul Taker Siege Axe
Soulthirst Cloth Belt
Southbound Soldier Gloves
Spark
Specialised Viridian Jewel
Spectral Throw
Spell Echo
Spell Totem
Spine of the First Claimant Iron Sceptre
Spire of Stone Crimson Jewel
Spirit Guards Viridian Jewel
Spirit Offering
Spirited Response Cobalt Jewel
Split Arrow
Springleaf Plank Kite Shield
Star of Wraeclast Ruby Amulet
Starkonja's Head Silken Hood
Static Electricity Viridian Jewel
Static Strike
Steel Spirit Viridian Jewel
Steppan Eard Sorcerer Boots
Stimulated Growth Cobalt Jewel
Stone of Lazhwar Lapis Amulet
Storm Call
Storm Cloud Long Bow
Storm Prison Carved Wand
Storm on the Horizon
Storm on the Shore
Strong as a Bull
Stun
Sturdy Growth Crimson Jewel
Summon Chaos Golem
Summon Flame Golem
Summon Ice Golem
Summon Lightning Golem
Summon Raging Spirit
Summon Skeletons
Summon Stone Golem
Sunblast Cloth Belt
Sundance Clasped Boots
Sunder
Surgebinders Dragonscale Gauntlets
Surplus Cobalt Jewel
Survival Instincts Viridian Jewel
Survival Secrets Cobalt Jewel
Survival Skills Crimson Jewel
Sweep
Tabula Rasa Simple Robe
Talisman of the Victor Jet Amulet
Taryn's Shiver Maelstr\u00f6m Staff
Tasalio's Sign Sapphire Ring
Taste of Hate Sapphire Flask
Tear of Purity Lapis Amulet
Tempest Shield
Temporal Chains
Terminus Est Tiger Sword
Thaumaturgical History I
Thaumaturgical History II
Thaumaturgical History III
Thaumaturgical History IV
The Aesthete
The Aesthete's Spirit
The Alchemist
The Ambitious Bandit I
The Ambitious Bandit II
The Ambitious Bandit III
The Anvil Amber Amulet
The Apex Predator
The Arena Champion
The Artist
The Ascetic Gold Amulet
The Avenger
The Aylardex Agate Amulet
The Battle Born
The Beast Fur Shawl Vaal Regalia
The Beautiful Guide
The Beginning and the End
The Betrayal
The Black Stone I
The Black Stone II
The Black Stone III
The Black Stone IV
The Blacksmith
The Blessing
The Blood Dance Sharkskin Boots
The Blood Reaper Headsman Axe
The Blood Thorn Gnarled Branch
The Bloody Flowers Redux
The Body
The Bowstring's Music
The Bringer of Rain Nightmare Bascinet
The Brittle Emperor
The Broken Crown Prophet Crown
The Brothers of Necromancy
The Brutal Enforcer
The Carrion Crow
The Cartographer
The Cataclysm
The Catalyst
The Cauteriser Woodsplitter
The Celestial Justicar
The Chains that Bind
The Child of Lunaris
The Conduit
The Consuming Dark Fiend Dagger
The Corrupt
The Covenant Spidersilk Robe
The Coward's Trial Crypt Map
The Cursed Choir
The Cursed King
The Dapper Prodigy
The Dark Mage
The Dark Seer Shadow Sceptre
The Deep One's Hide Studded Round Shield
The Demoness
The Devastator
The Doctor
The Doppelganger
The Dragon
The Dragon's Heart
The Dream Trial
The Dreamer's Dream
The Drunken Aristocrat
The Eagle's Cry
The Emperor's Trove
The Encroaching Darkness
The Enlightened
The Ethereal
The Explorer
The Feast
The Feral Lord I
The Feral Lord II
The Feral Lord III
The Feral Lord IV
The Feral Lord V
The Fiend
The Flayed Man
The Fletcher
The Flora's Gift
The Flow of Energy
The Forgotten Garrison
The Forgotten Soldiers
The Four Feral Exiles
The Fox
The Gambler
The Gemcutter
The Gentleman
The Gladiator
The God of Misfortune
The Goddess Bound Whalebone Rapier
The Goddess Scorned Elegant Sword
The Goddess Unleashed Eternal Sword
The Gryphon Jade Hatchet
The Gull Raven Mask
The Hardened Armour
The Harvest Jasper Chopper
The Harvester
The Hermit
The Hoarder
The Hollow Pledge
The Hunger
The Hungering Swarm
The Ignomon Gold Amulet
The Immortal
The Incantation
The Inoculated
The Invader
The Inventor
The Jester
The Jeweller's Touch
The Karui Rebellion
The King and the Brambles
The King's Blade
The King's Heart
The King's Path
The Lady in Black
The Last One Standing
The Last Watch
The Lich
The Lion
The Lord in Black
The Lost Maps
The Lost Undying
The Lover
The Lunaris Priestess
The Magnate Studded Belt
The Mercenary
The Metalsmith's Gift
The Misunderstood Queen
The Mysterious Gift
The Nest
The Oak Plank Kite Shield
The Offering
The One With All
The Overflowing Chalice Sulphur Flask
The Pack Leader
The Pact
The Pair
The Pariah Unset Ring
The Perandus Manor Chateau Map
The Peregrine Visored Sallet
The Petrified
The Pirate's Den
The Plaguemaw I
The Plaguemaw II
The Plaguemaw III
The Plaguemaw IV
The Plaguemaw V
The Poet
The Princess Sabre
The Prison Guard
The Prison Key
The Queen
The Queen's Vaults
The Rabid Rhoa
The Rat Cage Sharkskin Tunic
The Restless Ward Carnal Armour
The Retch Rustic Sash
The Risk
The Road to Power
The Scarred Meadow
The Scholar
The Scout
The Screaming Eagle Jade Hatchet
The Searing Touch Lathi
The Servant's Heart
The Sharpened Blade
The Sigil
The Signal Fire Fire Arrow Quiver
The Silverwood
The Singular Spirit
The Sinner's Stone
The Siren
The Snuffed Flame
The Sorrow of the Divine Sulphur Flask
The Soulless Beast
The Spoiled Prince
The Spread of Corruption
The Stockkeeper
The Stormcaller
The Stormheart Royal Staff
The Summoner
The Sun
The Supreme Truth Crystal Sceptre
The Surgeon
The Surveyor
The Survivalist
The Sword King's Passion
The Taming Prismatic Ring
The Tempest Long Bow
The Tempestuous Steel War Sword
The Thaumaturgist
The Three Dragons Golden Mask
The Throne
The Tower
The Traitor
The Trembling Earth
The Trial
The Twins
The Unbreathing Queen I
The Unbreathing Queen II
The Unbreathing Queen III
The Unbreathing Queen IV
The Unbreathing Queen V
The Undead Brutes
The Undead Storm
The Union
The Vanguard
The Vast
The Vertex Vaal Mask
The Vigil Crimson Jewel
The Vinktar Square Courtyard Map
The Walking Mountain
The Ward's Ward
The Warden
The Warlord
The Warmongers I
The Warmongers II
The Warmongers III
The Warmongers IV
The Watcher
The Watcher's Watcher
The Wealthy Exile
The Web
The Whispering Ice Vile Staff
The Wind
The Wolf's Shadow
The Wrath
The Writhing Jar Hallowed Hybrid Flask
Thief's Torment Prismatic Ring
Thirst for Horrors War Buckler
Thousand Ribbons Simple Robe
Thousand Teeth Temu Vaal Buckler
Three Faces in the Dark
Three-step Assault Shagreen Boots
Through the Mirage
Thunderfist Murder Mitts
Thunderous Skies
Time-Lost Relic
Timeclasp Moonstone Ring
Titucius' Span Reinforced Tower Shield
Tornado Shot
Touch of Anguish Imperial Claw
Touched by Death
Touched by the Wind
Tranquillity
Trap
Trap Cooldown
Trap and Mine Damage
Trash to Treasure
Treasure Hunter
Tremor Rod Military Staff
Trolltimber Spire Cedar Tower Shield
Trypanon Great Mallet
Turn the Other Cheek
Twice Enchanted
Twyzel Sage Wand
Umbilicus Immortalis Leather Belt
Unbearable Whispers I
Unbearable Whispers II
Unbearable Whispers III
Unbearable Whispers IV
Unbearable Whispers V
Undead Uprising
Ungil's Gauche Boot Knife
Ungil's Harmony Turquoise Amulet
Unnatural Energy
Unstable Payload Cobalt Jewel
Vaal Arc
Vaal Burning Arrow
Vaal Caress Bronzescale Gauntlets
Vaal Clarity
Vaal Cold Snap
Vaal Cyclone
Vaal Detonate Dead
Vaal Discipline
Vaal Double Strike
Vaal Fireball
Vaal Flameblast
Vaal Glacial Hammer
Vaal Grace
Vaal Ground Slam
Vaal Haste
Vaal Ice Nova
Vaal Immortal Call
Vaal Invasion
Vaal Lightning Strike
Vaal Lightning Trap
Vaal Lightning Warp
Vaal Molten Shell
Vaal Power Siphon
Vaal Rain of Arrows
Vaal Reave
Vaal Righteous Fire
Vaal Sentencing Cobalt Jewel
Vaal Spark
Vaal Spectral Throw
Vaal Storm Call
Vaal Summon Skeletons
Vaal Winds
Valako's Sign Topaz Ring
Vampire's Might Crimson Jewel
Varunastra Vaal Blade
Vaults of Atziri Vaal Pyramid Map
Veil of the Night Great Helmet
Vengeance
Ventor's Gamble Gold Ring
Veruso's Battering Rams Titan Gauntlets
Vessel of Vinktar Topaz Flask
Victario's Acuity Turquoise Amulet
Victario's Charity Laminated Kite Shield
Victario's Flight Goathide Boots
Victario's Influence Lacquered Garb
Vigilant Strike
Vinia's Token
Viper Strike
Viper's Scales Full Scale Armour
Vis Mortis Necromancer Silks
Visions of the Drowned
Vital Transformation
Vitality
Void Battery Prophecy Wand
Void Manipulation
Voidbringer Conjurer Gloves
Voideye Unset Ring
Voidheart Iron Ring
Voidhome Dread Maul
Volatile Power
Volkuur's Key
Voll's Devotion Agate Amulet
Voll's Protector Holy Chainmail
Volley Fire Viridian Jewel
Voltaxic Rift Spine Bow
Vortex
Vulnerability
Waiting in Ambush
Wake of Destruction Mesh Boots
Wall of Brambles Plate Vest
Wanderlust Wool Shoes
Warlord's Mark
Warlord's Reach Crimson Jewel
Warped Timepiece Turquoise Amulet
Wealth and Power
Weapon Elemental Damage
Weeping Death
Weight of Sin Viridian Jewel
Weight of the Empire Crimson Jewel
Whakawairua Tuahu Strand Map
Wheel of the Stormsail Rotted Round Shield
Whirling Blades
Wideswing Poleaxe
Widowmaker Boot Blade
Wild Strike
Wildslash Awl
Wind and Thunder
Windripper Imperial Bow
Winds of Change Ancient Gauntlets
Windscream Reinforced Greaves
Wings of Entropy Sundering Axe
Winter's Bounty Cobalt Jewel
Winter's Mournful Melodies
Winterheart Gold Amulet
Wisdom of the Path Not Taken Cobalt Jewel
Wither
Wondertrap Velvet Slippers
Wrath
Wurm's Molt Leather Belt
Wyrmsign Wyrmscale Gauntlets
Xirgil's Crank Coiled Staff
Ylfeban's Trickery Hubris Circlet
Yriel's Key
Zahndethus' Cassock Sage's Robe
Zerphi's Last Breath Grand Mana Flask
Zerphi's Youth Crimson Jewel