A Mother's Parting Gift
Abandoned Wealth
Abberath's Horn Goat's Horn
Abyssal Cry
Abyssus Ezomyte Burgonet
Acton's Nightmare Overgrown Shrine Map
Added Chaos Damage
Added Cold Damage
Added Fire Damage
Added Lightning Damage
Additional Accuracy
Aegis Aurora Champion Kite Shield
Agnerod East Imperial Staff
Agnerod North Imperial Staff
Agnerod South Imperial Staff
Agnerod West Imperial Staff
Al Dhih Timeworn Claw
Alberon's Warpath Soldier Boots
Allure Vaal Claw
Alpha's Howl Sinner Tricorne
Ambu's Charge Crusader Chainmail
Anarchy's Price
Anatomical Knowledge Cobalt Jewel
Ancestral Protector
Ancient Waystones Crimson Jewel
Andvarius Gold Ring
Anger
Animate Guardian
Animate Weapon
Apep's Rage Opal Wand
Apparitions Viridian Jewel
Araku Tiki Coral Amulet
Arc
Arctic Armour
Arctic Breath
Army of Bones Cobalt Jewel
Asenath's Gentle Touch Silk Gloves
Asenath's Mark Iron Circlet
Ashrend Buckskin Tunic
Asphyxia's Wrath Two-Point Arrow Quiver
Assassin's Favour
Assassin's Haste Cobalt Jewel
Assassin's Mark
Astramentis Onyx Amulet
Atziri's Acuity Vaal Gauntlets
Atziri's Disfavour Vaal Axe
Atziri's Foible Paua Amulet
Atziri's Mirror Golden Buckler
Atziri's Promise Amethyst Flask
Atziri's Reign Crimson Jewel
Atziri's Splendour Sacrificial Garb
Atziri's Step Slink Boots
Audacity
Aurseize Steelscale Gauntlets
Aurumvorax Basket Rapier
Auxium Chain Belt
Axiom Perpetuum Bronze Sceptre
Ball Lightning
Barrage
Bated Breath Chain Belt
Bear Trap
Belly of the Beast Full Wyrmscale
Belt of the Deceiver Heavy Belt
Berek's Grip Two-Stone Ring
Berek's Pass Two-Stone Ring
Berek's Respite Two-Stone Ring
Bino's Kitchen Knife Slaughter Knife
Birth of the Three
Bitterdream Shadow Sceptre
Black Sun Crest Lacquered Helmet
Blackgleam Cured Quiver
Blackgleam Fire Arrow Quiver
Blackheart Iron Ring
Blade Vortex
Bladefall
Blasphemy
Blast Rain
Blightwell Clutching Talisman
Blind Venture
Blind
Blink Arrow
Block Chance Reduction
Blood Magic
Blood of Corruption Amber Amulet
Blood of the Karui Sanctified Life Flask
Blood Rage
Blood Sacrifice Crimson Jewel
Bloodboil Coral Ring
Bloodgrip Coral Amulet
Bloodlust
Bloodplay Stiletto
Bloodseeker Hellion's Paw
Bone Offering
Bones of Ullr Silk Slippers
Bowyer's Dream
Bramblejack Plate Vest
Brawn Crimson Jewel
Brightbeak War Hammer
Brinerot Flag Tarnished Spirit Shield
Brinerot Mark Unset Ring
Brinerot Whalers Trapper Boots
Briskwrap Strapped Leather
Brittle Barrier Cobalt Jewel
Broadstroke Heavy Quiver
Broken Faith Archon Kite Shield
Bronn's Lithe Cutthroat's Garb
Brute Force Solution Cobalt Jewel
Brutus' Lead Sprinkler Ritual Sceptre
Burning Arrow
"Caer Blaidd
Call of the Brotherhood Two-Stone Ring
Callinellus Malleus Auric Mace
Cameria's Maul Gavel
Carcass Jack Varnished Coat
Careful Planning Viridian Jewel
Carnage Heart Onyx Amulet
Cast On Critical Strike
Cast on Death
Cast on Melee Kill
Cast when Damage Taken
Cast when Stunned
Caustic Arrow
Chain
Chalice of Horrors War Buckler
Chance to Flee
Chance to Ignite
Chaotic Disposition
Chernobog's Pillar Ebony Tower Shield
Cherrubim's Maleficence Triumphant Lamellar
Chill of Corruption Viridian Jewel
Chin Sol Assassin Bow
Chitus' Apex Necromancer Circlet
Chitus' Needle Elegant Foil
Chober Chaber Great Mallet
Clarity
Clear Mind Cobalt Jewel
Cleave
Cloak of Defiance Lacquered Garb
Cloak of Flame Scholar's Robe
Cluster Trap
Cold Penetration
Cold Snap
Cold Steel Viridian Jewel
Cold to Fire
Combustibles Crimson Jewel
Concentrated Effect
Conductivity
Conqueror's Efficiency Crimson Jewel
Conqueror's Longevity Viridian Jewel
Conqueror's Potency Cobalt Jewel
Contagion
Controlled Destruction
Conversion Trap
Convocation
Corrupted Energy Cobalt Jewel
Coruscating Elixir Ruby Flask
Coveted Possession
Craghead Serrated Arrow Quiver
Crest of Perandus Pine Buckler
Crown of Eyes Hubris Circlet
Crown of the Pale King Regicide Mask
Crown of Thorns Vine Circlet
Culling Strike
Curse On Hit
Cybil's Paw Thresher Claw
Cyclone
Daresso's Courage Baroque Round Shield
Daresso's Defiance Full Dragonscale
Daresso's Salute Citrine Amulet
Darkray Vectors Dragonscale Boots
Darkscorn Assassin Bow
Dead Reckoning Cobalt Jewel
Death and Taxes Necropolis Map
Death Rush Amethyst Ring
Death
Death's Hand Karui Sceptre
Death's Harp Death Bow
Death's Oath Astral Plate
Decoy Totem
Deerstalker Deerskin Boots
Deidbell Gilded Sallet
Demigod's Beacon Golden Flame
Demigod's Bounty Golden Obi
Demigod's Dominance Golden Mantle
Demigod's Eye Golden Hoop
Demigod's Presence Gold Amulet
Demigod's Stride Golden Caligae
Demigod's Touch Golden Bracers
Demigod's Triumph Golden Wreath
Desecrate
Deshret's Vise Steel Gauntlets
Determination
Detonate Dead
Detonate Mines
Devoto's Devotion Nightmare Bascinet
Devouring Totem
Discharge
Discipline
Divinarius Imperial Skean
Divination Distillate Large Hybrid Flask
Doedre's Damning Paua Ring
Doedre's Elixir Greater Mana Flask
Doedre's Madness
Doedre's Scorn Lunaris Circlet
Doedre's Tenure Velvet Gloves
Dominating Blow
Doomfletch Royal Bow
Doomsower Lion Sword
Doon Cuebiyari Vaal Sceptre
Doryani's Catalyst Vaal Sceptre
Doryani's Fist Vaal Gauntlets
Doryani's Invitation Heavy Belt
Double Strike
Dreadarc Cleaver
Dream Fragments Sapphire Ring
Dreamfeather Eternal Sword
Drillneck Penetrating Arrow Quiver
Dual Strike
Dusktoe Ironscale Boots
Dusktoe Leatherscale Boots
Dyadian Dawn Heavy Belt
Dyadus Infernal Axe
Dying Breath Coiled Staff
Earth Drinker
Earthquake
Eclipse Solaris Crystal Wand
Edge of Madness Etched Greatsword
Efficient Training Crimson Jewel
Eldritch Knowledge Cobalt Jewel
Elemental Focus
Elemental Hit
Elemental Proliferation
Elemental Weakness
Emberwake Ruby Ring
Emperor's Luck
Empire's Grasp Goliath Gauntlets
Empower
Endurance Charge on Melee Stun
Enduring Cry
Energised Armour Crimson Jewel
Energy From Within Cobalt Jewel
Enfeeble
Enhance
Enlighten
Ephemeral Edge Dusk Blade
Essence Drain
Essentia Sanguis Eye Gouger
Ethereal Knives
Explosive Arrow
Extractor Mentis Agate Amulet
Eye of Chayula Onyx Amulet
Eyes of the Greatwolf Greatwolf Talisman
Ezomyte Peak Iron Hat
Facebreaker Strapped Mitts
Fairgraves' Tricorne Tricorne
Faminebind Rustic Sash
Faster Attacks
Faster Casting
Faster Projectiles
Feastbind Rustic Sash
Femurs of the Saints Primordial Staff
Fencoil Gnarled Branch
Fertile Mind Cobalt Jewel
Fevered Mind Cobalt Jewel
Fidelitas' Spike Jagged Foil
Fire Nova Mine
Fire Penetration
Fire Trap
Fireball
Fireborn Crimson Jewel
Firestorm
Flame Dash
Flame Surge
Flame Totem
Flameblast
Flammability
Flesh and Spirit Ironscale Gauntlets
Flesh Offering
Flesh-Eater Dream Mace
Flicker Strike
Fluid Motion Viridian Jewel
Forbidden Taste Quartz Flask
Fork
Fortified Legion Cobalt Jewel
Fortify
Foxshade Wild Leather
Fragile Bloom Crimson Jewel
Fragility Crimson Jewel
Freeze Mine
Freezing Pulse
Frenzy
Frost Blades
Frost Bomb
Frost Wall
Frostbite
Gang's Momentum Legion Boots
Gemcutter's Promise
Generosity
Geofri's Baptism Brass Maul
Geofri's Crest Great Crown
Gift of the Gemling Queen
Gifts from Above Diamond Ring
Glacial Cascade
Glacial Hammer
Glimmer of Hope
Goldrim Leather Cap
Goldwyrm Nubuck Boots
Gorebreaker Spiked Club
Goredrill Skinning Knife
Grace
Grave Knowledge
Great Old One's Ward Corrugated Buckler
Greater Multiple Projectiles
Greed's Embrace Golden Plate
Ground Slam
Growing Agony Viridian Jewel
Hall of Grandmasters Promenade Map
Haste
Hatred
Headhunter Leather Belt
Healthy Mind Cobalt Jewel
Heartbound Loop Moonstone Ring
Heartbreaker Royal Skean
Heatshiver Leather Hood
Heavy Strike
Hegemony's Era Judgement Staff
Her Mask
Herald of Ash
Herald of Ice
Herald of Thunder
Heretic's Veil Deicide Mask
Hezmana's Bloodlust Vaal Axe
Hidden Potential Viridian Jewel
Honourhome Soldier Helmet
Hope
Hotfooted Viridian Jewel
House of Mirrors
Hrimnor's Hymn Sledgehammer
Hrimnor's Resolve Samite Helmet
Hrimsorrow Goathide Gloves
Hubris
Humility
Hungry Abyss Viridian Jewel
Hunter's Resolve
Hunter's Reward
Hyaon's Fury Legion Sword
Hypothermia
Hyrri's Bite Sharktooth Arrow Quiver
Hyrri's Ire Zodiac Leather
Ice Bite
Ice Crash
Ice Nova
Ice Shot
Ice Spear
Ice Trap
Icetomb Latticed Ringmail
Ichimonji Corsair Sword
Immortal Call
Immortal Flesh Leather Belt
Incandescent Heart Saintly Chainmail
Incinerate
Increased Area of Effect
Increased Burning Damage
Increased Critical Damage
Increased Critical Strikes
Increased Duration
Inertia Crimson Jewel
Infernal Blow
Infernal Mantle Widowsilk Robe
Infractem Decimation Bow
Innervate
Inspired Learning Crimson Jewel
Intuitive Leap Viridian Jewel
Iron Grip
Iron Will
Item Quantity
Item Rarity
Izaro's Dilemma Imperial Claw
Izaro's Turmoil Crimson Jewel
"Jack
Jack in the Box
Jaws of Agony Supreme Spiked Shield
Jorrhast's Blacksteel Steelhead
Kaltenhalt Painted Buckler
Kaom's Heart Glorious Plate
Kaom's Primacy Karui Chopper
Kaom's Roots Titan Greaves
Kaom's Sign Coral Ring
Karui Ward Jade Amulet
Kikazaru Topaz Ring
Kinetic Blast
Kingmaker Despot Axe
Kingsguard Conquest Chainmail
Knockback
Kongming's Stratagem Ivory Spirit Shield
Kongor's Undying Rage Terror Maul
Lakishu's Blade Elegant Sword
Lantador's Lost Love
Last Hope
Last Resort Nailed Fist
Lavianga's Spirit Sanctified Mana Flask
Lavianga's Wisdom War Hammer
Le Heup of All Iron Ring
Leap Slam
Leer Cast Festival Mask
Less Duration
Lesser Multiple Projectiles
Life Gain on Hit
Life Leech
Lifesprig Driftwood Wand
Lightbane Raiment Ornate Ringmail
Lightning Arrow
Lightning Coil Desert Brigandine
Lightning Penetration
Lightning Strike
Lightning Tendrils
Lightning Trap
Lightning Warp
Limbsplit Woodsplitter
Lion's Roar Granite Flask
Lioneye's Fall Viridian Jewel
Lioneye's Glare Imperial Bow
Lioneye's Paws Bronzescale Boots
Lioneye's Remorse Pinnacle Tower Shield
Lioneye's Vision Crusader Plate
Lochtonial Caress Iron Gauntlets
Lori's Lantern Prismatic Ring
Lost Worlds
Loyalty
Lucky Connections
Maelstr\u00f6m of Chaos Mountain Ledge Map
Magma Orb
Malachai's Artifice Unset Ring
Malachai's Simula Iron Mask
Malicious Intent Cobalt Jewel
Maligaro's Lens Compound Spiked Shield
Maligaro's Restraint Chain Belt
Maligaro's Virtuosity Deerskin Gloves
Maloney's Nightfall Blunt Arrow Quiver
Mana Leech
Mantra of Flames Crimson Jewel
Mao Kun Reef Map
Mark of the Doubting Knight Platinum Kris
Marohi Erqi Karui Maul
Martial Artistry Crimson Jewel
Marylene's Fallacy Lapis Amulet
Matua Tupuna Tarnished Spirit Shield
Meginord's Girdle Heavy Belt
Melee Damage on Full Life
Melee Physical Damage
Melee Splash
Merciless Armament
Midnight Bargain Engraved Wand
Might in All Forms Crimson Jewel
Mightflay Flaying Knife
Mindspiral Aventail Helmet
Minefield
Ming's Heart Amethyst Ring
Minion and Totem Elemental Resistance
Minion Damage
Minion Life
Minion Speed
Mirror Arrow
Mj\u00f6lner Gavel
Mokou's Embrace Ruby Ring
Molten Shell
Molten Strike
Mon'tregul's Grasp Void Sceptre
Moonbender's Wing Tomahawk
Moonsorrow Imbued Wand
Mortal Grief
Mortal Hope
Mortal Ignorance
Mortal Rage
Mortem Morsu Fright Claw
Multiple Traps
Multistrike
Mutated Growth Cobalt Jewel
Mutewind Pennant Enameled Buckler
Mutewind Seal Unset Ring
Mutewind Whispersteps Serpentscale Boots
Natural Hierarchy Rotfeather Talisman
Ngamahu's Sign Ruby Ring
Night's Hold Black Maw Talisman
Nomic's Storm Strapped Boots
Null and Void Legion Gloves
Null's Inclination Ranger Bow
Nycta's Lantern Crystal Sceptre
Oba's Cursed Trove Torture Chamber Map
Olmec's Sanctum Conservatory Map
Ondar's Clasp Wrapped Mitts
Orb of Storms
Ornament of the East Gut Ripper
Oro's Sacrifice Infernal Sword
Pacifism Viridian Jewel
Perandus Blazon Cloth Belt
Perandus Signet Paua Ring
Phase Run
Physical Projectile Attack Damage
Physical to Lightning
Pierce
Pillar of the Caged God Long Staff
Piscator's Vigil Tornado Wand
Pitch Darkness Viridian Jewel
Pledge of Hands Judgement Staff
Poacher's Aim Viridian Jewel
Poacher's Mark
Point Blank
Poison
Poorjoy's Asylum Temple Map
Portal
Power Charge On Critical
Power Siphon
Powerlessness Cobalt Jewel
Pride Before the Fall
Prism Guardian Archon Kite Shield
Prismatic Eclipse Twilight Blade
Prismweave Rustic Sash
Projectile Weakness
Prosperity
Pugilist Viridian Jewel
Puncture
Punishment
Purity of Elements
Purity of Fire
Purity of Ice
Purity of Lightning
Pyre Sapphire Ring
Quecholli Jagged Maul
Queen of the Forest Destiny Leather
Queen's Decree Ornate Sword
Quill Rain Short Bow
Rain of Arrows
Rain of Chaos
Rain of Splinters Crimson Jewel
Rainbowstride Conjurer Boots
Raise Spectre
Raise Zombie
Rallying Cry
Ranged Attack Totem
Rapid Decay
Rapid Expansion Crimson Jewel
Rashkaldor's Patience Jade Amulet
Rat's Nest Ursine Pelt
Rathpith Globe Titanium Spirit Shield
Rats
Realmshaper Iron Staff
Reaper's Pursuit Shadow Axe
Rearguard Broadhead Arrow Quiver
Reave
Rebuke of the Vaal Vaal Blade
Reckoning
Redbeak Rusted Sword
Redblade Band Unset Ring
Redblade Banner Painted Tower Shield
Redblade Tramplers Ancient Greaves
Reduced Mana
Rejuvenation Totem
Relentless Fury Decorative Axe
Remote Mine
Repentance Crusader Gloves
Reverberation Rod Spiraled Wand
Righteous Fire
Rigwald's Charge Highland Blade
Rigwald's Command Midnight Blade
Rigwald's Crest Two-Stone Ring
Rigwald's Curse Wereclaw Talisman
Rigwald's Quills Two-Point Arrow Quiver
Rigwald's Savagery Royal Axe
Rime Gaze Mind Cage
Riposte
Rise of the Phoenix Mosaic Kite Shield
Rive Terror Claw
Rolling Flames Cobalt Jewel
Romira's Banquet Diamond Ring
Rotgut Quicksilver Flask
Roth's Reach Recurve Bow
Rumi's Concoction Granite Flask
Sacrifice at Dawn
Sacrifice at Dusk
Sacrifice at Midnight
Sacrifice at Noon
Sacrificial Harvest Viridian Jewel
Sadima's Touch Wool Gloves
Saffell's Frame Branded Kite Shield
Scholar of the Seas
Scold's Bridle Mind Cage
Searing Bond
Self-Flagellation Viridian Jewel
Sentari's Answer Brass Spirit Shield
Shackles of the Wretched Chain Gloves
Shadows and Dust Clasped Mitts
Shaper's Seed Agate Amulet
Shattered Chains Crimson Jewel
Shavronne's Pace Scholar Boots
Shavronne's Revelation Moonstone Ring
Shavronne's Wrappings Occultist's Vestment
Shield Charge
Shiversting Bastard Sword
Shock Nova
Shockwave Totem
Shrapnel Shot
Sibyl's Lament Coral Ring
Sidhebreath Paua Amulet
Siege Ballista
Silverbranch Crude Bow
Sin Trek Stealth Boots
Sire of Shards Serpentine Staff
Skullhead Secutor Helm
Skyforth Sorcerer Boots
Slitherpinch Bronzescale Gauntlets
Slower Projectiles
Smoke Mine
Snakebite Assassin's Mitts
Solaris Lorica Copper Plate
Song of the Sirens Fishing Rod
Soul Mantle Spidersilk Robe
Soul Strike Spike-Point Arrow Quiver
Soul Taker Siege Axe
Soulthirst Cloth Belt
Southbound Soldier Gloves
Spark
Spectral Throw
Spell Echo
Spell Totem
Spine of the First Claimant Iron Sceptre
Spire of Stone Crimson Jewel
Spirit Guards Viridian Jewel
Spirited Response Cobalt Jewel
Split Arrow
Springleaf Plank Kite Shield
Starkonja's Head Silken Hood
Static Electricity Viridian Jewel
Static Strike
Steel Spirit Viridian Jewel
Steppan Eard Sorcerer Boots
Stone of Lazhwar Lapis Amulet
Storm Call
Storm Cloud Long Bow
Storm Prison Carved Wand
Stun
Summon Chaos Golem
Summon Flame Golem
Summon Ice Golem
Summon Raging Spirit
Summon Skeletons
Summon Stone Golem
Sunblast Cloth Belt
Sundance Clasped Boots
Sunder
Surgebinders Dragonscale Gauntlets
Survival Instincts Viridian Jewel
Survival Secrets Cobalt Jewel
Survival Skills Crimson Jewel
Sweep
Tabula Rasa Simple Robe
Talisman of the Victor Jet Amulet
Taryn's Shiver Maelstr\u00f6m Staff
Tasalio's Sign Sapphire Ring
Taste of Hate Sapphire Flask
Tear of Purity Lapis Amulet
Tempest Shield
Temporal Chains
Terminus Est Tiger Sword
The Aesthete
The Anvil Amber Amulet
The Arena Champion
The Artist
The Avenger
The Axe Vaal Hatchet
The Aylardex Agate Amulet
The Battle Born
The Betrayal
The Blood Dance Sharkskin Boots
The Blood Reaper Headsman Axe
The Blood Thorn Gnarled Branch
The Body
The Bringer of Rain Nightmare Bascinet
The Brittle Emperor
The Broken Crown Prophet Crown
The Carrion Crow
The Cartographer
The Cataclysm
The Catalyst
The Celestial Justicar
The Chains that Bind
The Conduit
The Consuming Dark Fiend Dagger
The Covenant Spidersilk Robe
The Coward's Trial Crypt Map
The Dapper Prodigy
The Dark Mage
The Dark Seer Shadow Sceptre
The Deep One's Hide Studded Round Shield
The Demoness
The Doctor
The Doppelganger
The Dragon
The Dragon's Heart
The Drunken Aristocrat
The Encroaching Darkness
The Enlightened
The Ethereal
The Explorer
The Feast
The Fiend
The Fletcher
The Flora's Gift
The Fox
The Gambler
The Gemcutter
The Gentleman
The Gladiator
The Goddess Bound Whalebone Rapier
The Goddess Scorned Elegant Sword
The Gull Raven Mask
The Harvest Jasper Chopper
The Hermit
The Hoarder
The Hunger
The Ignomon Gold Amulet
The Incantation
The Inoculated
The Inventor
The King's Blade
The King's Heart
The Last One Standing
The Lich
The Lion
The Lord in Black
The Lover
The Magnate Studded Belt
The Mercenary
The Metalsmith's Gift
The Offering
The One With All
The Pack Leader
The Pact
The Pariah Unset Ring
The Peregrine Visored Sallet
The Poet
The Princess Sabre
The Queen
The Rabid Rhoa
The Rat Cage Sharkskin Tunic
The Restless Ward Carnal Armour
The Retch Rustic Sash
The Risk
The Road to Power
The Scarred Meadow
The Scholar
The Screaming Eagle Jade Hatchet
The Searing Touch Long Staff
The Sigil
The Siren
The Spoiled Prince
The Stormheart Royal Staff
The Summoner
The Sun
The Supreme Truth Crystal Sceptre
The Surgeon
The Surveyor
The Survivalist
The Taming Prismatic Ring
The Thaumaturgist
The Three Dragons Golden Mask
The Tower
The Traitor
The Trial
The Twins
The Union
The Vast
The Vertex Vaal Mask
The Vigil Crimson Jewel
The Vinktar Square Courtyard Map
The Warden
The Warlord
The Watcher
The Whispering Ice Vile Staff
The Wind
The Wolf's Shadow
The Wrath
Thief's Torment Prismatic Ring
Thousand Ribbons Simple Robe
Thousand Teeth Temu Vaal Buckler
Three Faces in the Dark
Thunderfist Murder Mitts
Time-Lost Relic
Timeclasp Moonstone Ring
Titucus Span Reinforced Tower Shield
Tornado Shot
Tranquillity
Trap and Mine Damage
Trap Cooldown
Trap
Treasure Hunter
Tremor Rod Military Staff
Trolltimber Spire Cedar Tower Shield
Turn the Other Cheek
Twyzel Sage Wand
Ungil's Gauche Boot Knife
Ungil's Harmony Turquoise Amulet
Vaal Arc
Vaal Burning Arrow
Vaal Caress Bronzescale Gauntlets
Vaal Clarity
Vaal Cold Snap
Vaal Cyclone
Vaal Detonate Dead
Vaal Discipline
Vaal Double Strike
Vaal Fireball
Vaal Flameblast
Vaal Glacial Hammer
Vaal Grace
Vaal Ground Slam
Vaal Haste
Vaal Ice Nova
Vaal Immortal Call
Vaal Lightning Strike
Vaal Lightning Trap
Vaal Lightning Warp
Vaal Molten Shell
Vaal Power Siphon
Vaal Rain of Arrows
Vaal Reave
Vaal Righteous Fire
Vaal Sentencing Cobalt Jewel
Vaal Spark
Vaal Spectral Throw
Vaal Storm Call
Vaal Summon Skeletons
Valako's Sign Topaz Ring
Vaults of Atziri Vaal Pyramid Map
Veil of the Night Great Helmet
Vengeance
Ventor's Gamble Gold Ring
Vessel of Vinktar Topaz Flask
Victario's Acuity Turquoise Amulet
Victario's Flight Goathide Boots
Victario's Influence Lacquered Garb
Vigilant Strike
Vinia's Token
Viper Strike
Vis Mortis Necromancer Silks
Vitality
Void Battery Prophecy Wand
Void Manipulation
Voidbringer Conjurer Gloves
Voideye Unset Ring
Voidhome Dread Maul
Volatile Power
Voll's Devotion Agate Amulet
Voll's Protector Holy Chainmail
Volley Fire Viridian Jewel
Voltaxic Rift Spine Bow
Vulnerability
Wake of Destruction Mesh Boots
Wanderlust Wool Shoes
Warlord's Mark
Warlord's Reach Crimson Jewel
Warped Timepiece Turquoise Amulet
Wealth and Power
Weapon Elemental Damage
Weight of Sin Viridian Jewel
Weight of the Empire Crimson Jewel
Whakawairua Tuahu Strand Map
Wheel of the Stormsail Rotted Round Shield
Whirling Blades
Wideswing Poleaxe
Wild Strike
Wildslash Awl
Windripper Imperial Bow
Winds of Change Ancient Gauntlets
Windscream Reinforced Greaves
Wings of Entropy Sundering Axe
Winter's Bounty Cobalt Jewel
Winterheart Gold Amulet
Wither
Wolfpack's Den Underground Sea Map
Wondertrap Velvet Slippers
Wrath
Wurm's Molt Leather Belt
Ylfeban's Trickery Hubris Circlet
Zahndethus' Cassock Sage's Robe